// Jest Snapshot v1, https://goo.gl/fbAQLP

exports[`Mistakes correctly renders 1`] = `
<div
  className="game__mistakes"
/>
`;
